// Jest Snapshot v1, https://goo.gl/fbAQLP

exports[`JSection render title and subtitle props 1`] = `
<section
  className="section"
>
  <div
    className="container is-fluid"
  >
    <div
      className="columns"
    >
      <div
        className="column"
      >
        <h1
          className="title jtitle"
        >
          JFront
        </h1>
        <h2
          className="subtitle"
        >
          Javascript Single Page Application
        </h2>
      </div>
    </div>
  </div>
</section>
`;
